// Jest Snapshot v1, https://goo.gl/fbAQLP

exports[`CryptoCard should match the snapshot 1`] = `
<NavLink
  className="navlink"
  to="/coins/Bitcoin"
>
  <section
    className="crypto-card"
  >
    <h4
      className="card-item"
    >
      Bitcoin
    </h4>
    <p
      className="card-item"
    >
      $
      1001.83
    </p>
    <p
      className="card-item"
    >
      %
      -13.45
    </p>
    <img
      alt="percent change indicator"
      src="down-arrow.png"
    />
  </section>
</NavLink>
`;
