// Jest Snapshot v1, https://goo.gl/fbAQLP

exports[`SearchCoins should match the snapshot 1`] = `
<section
  id="search-coins-container"
>
  <form
    id="search-form"
    onSubmit={[Function]}
  >
    <h2
      id="search-header"
    >
      Search For Coins By Symbol
    </h2>
    <input
      maxLength="4"
      name="symbol"
      onChange={[Function]}
      placeholder="Ex BTC"
      type="text"
      value=""
    />
    <div
      id="search-button-div"
    >
      <img
        alt="search button"
        src="search.svg"
      />
    </div>
  </form>
</section>
`;
