// Jest Snapshot v1, https://goo.gl/fbAQLP

exports[`App should match snapshot 1`] = `
<main>
  <Header />
  <Route
    component={
      Object {
        "$$typeof": Symbol(react.memo),
        "WrappedComponent": [Function],
        "compare": null,
        "displayName": "Connect(CryptoContainer)",
        "type": [Function],
      }
    }
    exact={true}
    path="/"
  />
  <Route
    path="/search"
    render={[Function]}
  />
  <Route
    component={
      Object {
        "$$typeof": Symbol(react.memo),
        "WrappedComponent": [Function],
        "compare": null,
        "displayName": "Connect(Portfolio)",
        "type": [Function],
      }
    }
    path="/portfolio"
  />
  <Route
    path="/coins/:name"
    render={[Function]}
  />
  <nav>
    <Nav />
  </nav>
</main>
`;
