// Jest Snapshot v1, https://goo.gl/fbAQLP

exports[`Nav should match the snapshot 1`] = `
<Fragment>
  <NavLink
    className="nav-button"
    to="/"
  >
    <img
      alt="home button"
      src="home.svg"
    />
  </NavLink>
  <NavLink
    className="nav-button"
    to="/portfolio"
  >
    <img
      alt="portfolio button"
      src="portfolio.svg"
    />
  </NavLink>
  <NavLink
    className="nav-button"
    to="/search"
  >
    <img
      alt="search button"
      src="search.svg"
    />
  </NavLink>
</Fragment>
`;
