// Jest Snapshot v1, https://goo.gl/fbAQLP

exports[`PortfolioInfo should match the snapshot 1`] = `
<section
  id="portfolio-info-container"
>
  <img
    alt="close portfolio"
    id="close-portfolio-btn"
    onClick={[MockFunction]}
    src="close-button.svg"
  />
  <h2
    className="header"
  >
    Portfolio Value
  </h2>
  <section>
    <h4
      className="header"
    >
      Total
    </h4>
    <p
      id="total-p"
    >
      $
      342323.43
    </p>
    <div
      className="coin-value-div"
      key="Bitcoin"
    >
      <p>
        Bitcoin
      </p>
      <p>
        $
        1321.23
      </p>
    </div>
    <div
      className="coin-value-div"
      key="Litecoin"
    >
      <p>
        Litecoin
      </p>
      <p>
        $
        1971.45
      </p>
    </div>
  </section>
</section>
`;
