// Jest Snapshot v1, https://goo.gl/fbAQLP

exports[`TimeFrameBar should match the snapshot 1`] = `
<table
  id="time-frame-table"
>
  <tbody>
    <tr>
      <td
        className="inactive"
        id="1h"
        onClick={[Function]}
      >
        1 HR
      </td>
      <td
        className="inactive"
        id="1d"
        onClick={[Function]}
      >
        1 D
      </td>
      <td
        className="inactive"
        id="30d"
        onClick={[Function]}
      >
        30 D
      </td>
      <td
        className="inactive"
        id="365d"
        onClick={[Function]}
      >
        1 YR
      </td>
    </tr>
  </tbody>
</table>
`;
